== official_run: up to 24 attempts, 60 min wall budget ==
-- live evaluate: organizers' service reachable — its verdicts outrank the replica for the accept decision (warm-up verdict: both_liner_dominant 0.0000)
-- loose target bbox stream live at startup: (313, 325, 579, 653)
-- scene shape check OK: target bbox 74x12 px (wide axis: barebone)
== official_run: attempt 1/24 ==
-- semantic ids locked: {'thermalpad': 2, 'target': 4, 'liner': 5}
  plate LOCKED (id 4, 709px): (0.8025,-0.0028) yaw +0.00 deg
strip at rest: x 0.7457..0.8511 (105.4) y -0.3103..-0.2899 (20.4) z 0.0834..0.1017
  liner-up confirmed on the pedestal (cyan 778px)
-x overhang 13.9 mm, ends at z=0.0917; clamp exit x=0.7576, pad centre x=0.7441, bite 11.9 mm
  base parked at (-0.0197,+0.0002) yaw=+0.000, err 0.4 mm (locked)
  [arm base [ 0.4222 -0.0498  0.5009]]
  over      pad=(0.7441,-0.2050,0.2500) miss=  1.5mm d=(-1.2,-0.6,-0.7) q_err=0.003(j7) ik=0mm corr=(+0,+2,+1) base=(0.420,-0.047,0.501) | x 0.7457..0.8511 (105.4) y -0.3103..-0.2899 (20.4) z 0.0834..0.1017
            base_link=(-0.0223,-0.0001,+0.0000) yaw=+0.00668  spine=0.0
  .. align: no longer improving at 2.7 mm; moving on
  align     pad=(0.7441,-0.2050,0.1240) miss=  2.7mm d=(+1.0,+0.9,-2.3) q_err=0.003(j1) ik=0mm corr=(+1,+1,+3) base=(0.419,-0.048,0.501) | x 0.7457..0.8511 (105.4) y -0.3103..-0.2899 (20.4) z 0.0834..0.1017
            base_link=(-0.0228,-0.0005,+0.0000) yaw=+0.00671  spine=1e-05
  .. insert: no longer improving at 84.8 mm; moving on
  insert    pad=(0.7441,-0.3000,0.1240) miss= 84.8mm d=(+8.1,-21.3,+81.7) q_err=0.465(j6) ik=0mm corr=(-3,-32,+25) base=(0.410,-0.010,0.501) | x 0.7494..0.8516 (102.2) y -0.3151..-0.2890 (26.0) z 0.0791..0.1037
            base_link=(-0.0340,+0.0021,+0.0000) yaw=+0.08581  spine=0.0
  !! insert did not converge (d=(8.1,-21.3,81.7) mm vs gate (3, 12, 8) / retry x 3.8); NOT closing — aborting
-- attempt 1: chain aborted (fail-closed, arms parked)
== official_run: attempt 2/24 ==
!! id capture: ids not inferable (scene not in a clean start configuration?)
!! attempt start: scene is not in a clean start configuration — resetting before spending the attempt
-- semantic ids locked: {'thermalpad': 2, 'target': 4, 'liner': 5}
  plate LOCKED (id 4, 709px): (0.8025,-0.0028) yaw +0.00 deg
strip at rest: x 0.7457..0.8511 (105.4) y -0.3103..-0.2899 (20.4) z 0.0834..0.1017
  liner-up confirmed on the pedestal (cyan 783px)
-x overhang 13.9 mm, ends at z=0.0917; clamp exit x=0.7576, pad centre x=0.7441, bite 11.9 mm
  base parked at (-0.0194,+0.0002) yaw=+0.000, err 0.7 mm (locked)
  [arm base [ 0.4225 -0.0498  0.5009]]
  over      pad=(0.7441,-0.2051,0.2500) miss=  1.4mm d=(-1.1,-0.1,-0.9) q_err=0.003(j1) ik=0mm corr=(+1,+2,+2) base=(0.424,-0.045,0.501) | x 0.7457..0.8511 (105.4) y -0.3103..-0.2899 (20.4) z 0.0834..0.1017
            base_link=(-0.0179,+0.0026,-0.0000) yaw=+0.00579  spine=0.0
  align     pad=(0.7441,-0.2051,0.1240) miss=  1.2mm d=(+0.2,+0.2,+1.2) q_err=0.008(j1) ik=0mm corr=(+2,+2,+3) base=(0.424,-0.045,0.501) | x 0.7457..0.8511 (105.4) y -0.3103..-0.2899 (20.4) z 0.0834..0.1017
            base_link=(-0.0187,+0.0021,-0.0000) yaw=+0.00578  spine=0.0
  .. insert: no longer improving at 2.9 mm; moving on
  insert    pad=(0.7441,-0.3001,0.1240) miss=  2.9mm d=(-2.3,-1.7,-0.1) q_err=0.005(j6) ik=0mm corr=(+3,+4,+1) base=(0.422,-0.046,0.501) | x 0.7459..0.8500 (104.1) y -0.3131..-0.2898 (23.3) z 0.0834..0.1023
            base_link=(-0.0200,+0.0011,-0.0000) yaw=+0.00608  spine=0.0
  scoop     pad=(0.7441,-0.3001,0.1470) miss=  1.3mm d=(+0.6,+0.6,-0.9) q_err=0.008(j4) ik=0mm corr=(+1,+1,+1) base=(0.422,-0.046,0.501) | x 0.7519..0.8521 (100.2) y -0.3148..-0.2892 (25.6) z 0.0874..0.1172
            base_link=(-0.0199,+0.0011,-0.0000) yaw=+0.00604  spine=0.0
  close     pad=(0.7441,-0.3001,0.1470) miss=  1.2mm d=(+0.7,+0.6,-0.8) q_err=0.006(j4) ik=0mm corr=(+1,+1,+1) base=(0.422,-0.046,0.501) | x 0.7499..0.8521 (102.2) y -0.3148..-0.2893 (25.5) z 0.0875..0.1165
            base_link=(-0.0199,+0.0011,-0.0000) yaw=+0.00604  spine=0.0
  lift      pad=(0.7441,-0.3001,0.2300) miss=  1.1mm d=(-1.0,+0.1,+0.4) q_err=0.003(j3) ik=0mm corr=(+1,-2,-0) base=(0.424,-0.045,0.501) | x 0.7444..0.7604 ( 16.0) y -0.3133..-0.2895 (23.8) z 0.1151..0.2298
            base_link=(-0.0181,+0.0023,-0.0000) yaw=+0.00689  spine=0.0
  grip CONFIRMED: strip rose to z 0.1151..0.2298 (hang 114.5 mm, so the live bite is 5.5 mm)
  reconf    pad=(0.7441,-0.3001,0.2800) miss=  1.2mm d=(+0.3,+0.5,+1.0) q_err=0.007(j4) ik=0mm corr=(+2,+2,-1) base=(0.424,-0.045,0.501) | x 0.7437..0.7590 ( 15.3) y -0.3118..-0.2884 (23.4) z 0.1647..0.2794
            base_link=(-0.0184,+0.0021,-0.0000) yaw=+0.00692  spine=0.0
  mirror: skipping the reconfiguration (placing at the grip yaw)
  .. flip: no longer improving at 2.6 mm; moving on
  flip      pad=(0.7441,-0.3001,0.2800) miss=  2.6mm d=(-0.5,-0.2,+2.5) q_err=0.008(j1) ik=0mm corr=(+2,+2,+2) base=(0.424,-0.045,0.501) | x 0.7444..0.7598 ( 15.4) y -0.3111..-0.2874 (23.7) z 0.1636..0.2784
            base_link=(-0.0182,+0.0022,-0.0000) yaw=+0.00691  spine=0.0
  hanging length measured 113.8 mm (clamp z=0.2795); arc radius 111.8 mm
  preride   pad=(0.7441,-0.3001,0.3450) miss=  1.1mm d=(+0.5,+0.6,-0.8) q_err=0.009(j4) ik=0mm corr=(+1,+2,-1) base=(0.424,-0.045,0.501) | x 0.7432..0.7595 ( 16.2) y -0.3109..-0.2873 (23.6) z 0.2305..0.3452
            base_link=(-0.0185,+0.0021,-0.0000) yaw=+0.00692  spine=0.0
  advancing the base to (+0.100,+0.320) for the place reach
  [base_goto A 0.18s: (-0.018,+0.002) -> (-0.018,+0.008) yaw=+0.003]
  [base_goto A 0.18s: (-0.018,+0.008) -> (-0.017,+0.032) yaw=+0.002]
  [base_goto A 0.18s: (-0.017,+0.032) -> (-0.017,+0.100) yaw=+0.002]
  [base_goto A 0.11s: (-0.017,+0.100) -> (-0.017,+0.154) yaw=+0.002]
  [base_goto B 0.10s: (-0.017,+0.154) -> (-0.017,+0.152) yaw=+0.001]
  base parked at (-0.0168,+0.1523) yaw=+0.001, err 24.5 mm (locked)
  [base_goto A 0.18s: (-0.017,+0.151) -> (-0.016,+0.189) yaw=-0.002]
  [base_goto A 0.18s: (-0.016,+0.189) -> (-0.014,+0.278) yaw=-0.002]
  base parked at (-0.0143,+0.2779) yaw=-0.002, err 22.7 mm (locked)
  [base_goto FWD 0.18s: (-0.014,+0.280) -> (-0.001,+0.295) yaw=+0.011]
  [base_goto FWD 0.18s: (-0.001,+0.295) -> (+0.033,+0.296) yaw=+0.012]
  [base_goto FWD 0.18s: (+0.033,+0.296) -> (+0.110,+0.298) yaw=+0.013]
  base parked at (+0.1105,+0.2979) yaw=+0.013, err 24.5 mm (locked)
  [base_goto A 0.10s: (+0.111,+0.298) -> (+0.125,+0.306) yaw=+0.021]
  [base_goto BACK 0.11s: (+0.125,+0.306) -> (+0.121,+0.306) yaw=+0.022]
  [base_goto BACK 0.10s: (+0.121,+0.306) -> (+0.109,+0.304) yaw=+0.025]
  base parked at (+0.1078,+0.3035) yaw=+0.025, err 18.5 mm (locked)
  [arm base [0.5464 0.2714 0.5009]]
  streaming origin reset to the ridden tool position (0.874,+0.026,0.343)
  drape v-offset +18.3 mm; shifting the clamp aim to v=-0.0183
  laid length 120.0 mm (arc radius 111.8, measured bite 11.9); anchor u=+0.0560 world (0.8585,-0.0028) yaw +0.0 deg
  carry     pad=(0.8450,-0.0211,0.2300) miss=  0.9mm d=(+0.3,+0.4,+0.8) q_err=0.008(j1) ik=0mm corr=(+2,+2,+3) base=(0.548,0.273,0.501) | x 0.8526..0.8618 (  9.2) y -0.0172..0.0115 (28.8) z 0.1100..0.2335
            base_link=(+0.1045,+0.3071,+0.0000) yaw=+0.03610  spine=0.0
  base parked at (+0.1045,+0.3071) yaw=+0.036, err 13.7 mm (locked)
  [arm base [0.5481 0.2748 0.5009]]
  anchor    glide-converged miss=  5.7mm d=(+0.4,+1.4,-5.5) base_link=(+0.1049,+0.3075) yaw=+0.039 | x 0.8481..0.8615 ( 13.4) y -0.0187..0.0138 (32.5) z 0.0014..0.1144
  anchored: free end (u+0.0591,v+0.0063) from 378 board points, want (u+0.0560,v+0.0000) -> miss (-3.1,-6.3) mm
  .. anchor lateral miss -6.3 mm trips the 4 mm gate with retries left; peeling and re-landing instead of burning the draw
  retrying the touchdown from clamp (u+0.0386,v-0.0220)
  relift0   pad=(0.8411,-0.0249,0.2300) miss=  0.3mm d=(-0.2,-0.2,+0.0) q_err=0.006(j4) ik=0mm corr=(+1,+1,-2) base=(0.548,0.275,0.501) | x 0.8503..0.8589 (  8.5) y -0.0196..0.0129 (32.5) z 0.1084..0.2326
            base_link=(+0.1049,+0.3075,+0.0000) yaw=+0.03894  spine=0.0
  base parked at (+0.1049,+0.3076) yaw=+0.039, err 13.4 mm (locked)
  [arm base [0.5485 0.2772 0.5009]]
  anchor1   glide-converged miss=  6.7mm d=(+1.7,+3.8,-5.3) base_link=(+0.1052,+0.3081) yaw=+0.040 | x 0.8443..0.8588 ( 14.5) y -0.0229..0.0109 (33.8) z 0.0015..0.1145
  anchored: free end (u+0.0565,v+0.0018) from 371 board points, want (u+0.0560,v+0.0000) -> miss (-0.5,-1.8) mm
  arc80     glide-converged miss=  3.3mm d=(-1.9,+1.9,+1.9) base_link=(+0.1054,+0.3083) yaw=+0.040 | x 0.8353..0.8584 ( 23.0) y -0.0161..0.0109 (27.0) z 0.0013..0.1137
  arc70     glide-converged miss=  3.2mm d=(-3.0,+1.1,+0.4) base_link=(+0.1053,+0.3082) yaw=+0.040 | x 0.8162..0.8581 ( 41.9) y -0.0156..0.0115 (27.1) z 0.0018..0.1094
  arc60     glide-converged miss=  2.2mm d=(-2.0,+0.8,+0.1) base_link=(+0.1053,+0.3083) yaw=+0.040 | x 0.7977..0.8576 ( 59.9) y -0.0149..0.0117 (26.6) z 0.0025..0.1011
  arc50     glide-converged miss=  1.8mm d=(-1.6,+0.8,-0.4) base_link=(+0.1053,+0.3083) yaw=+0.040 | x 0.7815..0.8566 ( 75.1) y -0.0148..0.0119 (26.8) z 0.0026..0.0902
  arc40     glide-converged miss=  2.0mm d=(-1.6,+0.8,-1.0) base_link=(+0.1053,+0.3082) yaw=+0.040 | x 0.7675..0.8549 ( 87.3) y -0.0146..0.0121 (26.7) z 0.0025..0.0767
  arc32     glide-converged miss=  3.5mm d=(-1.9,+0.7,-2.8) base_link=(+0.1053,+0.3083) yaw=+0.041 | x 0.7601..0.8538 ( 93.7) y -0.0133..0.0121 (25.4) z 0.0025..0.0671
  arc release point (30 deg) reached; dropping the rest from here
  tray-lay: part-opened at z=0.060; paying the tail out | x 0.7599..0.8536 ( 93.6) y -0.0108..0.0129 (23.7) z 0.0023..0.0662
  tray-lay: ramped to (x 0.7262, z 0.037) | x 0.7596..0.8535 ( 93.9) y -0.0119..0.0129 (24.8) z 0.0023..0.0662
  released in place | x 0.7650..0.8516 ( 86.7) y -0.0081..0.0284 (36.6) z 0.0006..0.0136
  [arm base [0.5709 0.3302 0.5041]]
  slid off the strip end | x 0.7664..0.8522 ( 85.8) y -0.0098..0.0281 (37.9) z 0.0004..0.0133
  slow shed to z=0.067 | x 0.7664..0.8523 ( 85.9) y -0.0103..0.0282 (38.5) z 0.0004..0.0133
  slow shed to z=0.097 | x 0.7663..0.8524 ( 86.1) y -0.0106..0.0281 (38.8) z 0.0005..0.0131
  jaws full-open at z=0.097 (slot un-threaded) | x 0.7661..0.8523 ( 86.2) y -0.0106..0.0285 (39.1) z 0.0005..0.0129
  slow shed to z=0.127 | x 0.7433..0.8292 ( 85.8) y 0.0088..0.0916 (82.8) z 0.0012..0.0308
  !! shed TOWED the strip 47 mm (-23,+41)
  sidestep tow-gate: pad centroid moved 15 mm after +25 mm; stopping the sidestep here
  sidestep +25 mm toward the base at z=0.127 (TOWED 15 mm!) | x 0.7281..0.8255 ( 97.4) y 0.0166..0.1069 (90.3) z -0.0002..0.0060
  guard climb to z=0.157 | x 0.7285..0.8220 ( 93.5) y 0.0235..0.1167 (93.1) z -0.0002..0.0087
  guard climb to z=0.187 | x 0.7280..0.8220 ( 94.0) y 0.0235..0.1177 (94.2) z 0.0003..0.0075
  guard climb to z=0.217 | x 0.7280..0.8220 ( 94.0) y 0.0235..0.1177 (94.2) z 0.0003..0.0075
  lifted straight to z=0.230 | x 0.7280..0.8220 ( 94.0) y 0.0235..0.1177 (94.2) z 0.0003..0.0075

final strip: x 0.7280..0.8220 ( 94.0) y 0.0235..0.1177 (94.2) z 0.0003..0.0075
target AABB x 0.7425..0.8625, y -0.0128..+0.0072 (yaw +0.0 deg)
final target AABB px (578.3,312.6,653.3,325.4)
crude bbox IoU estimate 0.000
-- live loose target bbox (251, 304, 567, 634) outranks the chain's tracked (313, 325, 578, 653) (plate moved post-track)
-- self-verdict ids from the live semantic_labels map {'thermalpad': -1, 'target': 4, 'liner': 5} (attempt-start lock said {'thermalpad': 2, 'target': 4, 'liner': 5})
-- strict orientation reading (pad id 2 from the attempt-start lock): liner_only 0.7883
-- attempt 2: official evaluate liner_only, raw IoU 0.7852
-- ladder horizon: 11 attempts (wall budget binds before the 24-attempt cap)
== official_run: accepting gated IoU 0.7852; scene left in its scored state ==
